Archive member included to satisfy reference by file (symbol)

e:/xc8/avr/bin/../lib/gcc/avr/5.4.0/../../../../avr/lib/avr5/memx-const\libm.a(divsf3.o)
                              build/default/production/main.o (__divsf3)
e:/xc8/avr/bin/../lib/gcc/avr/5.4.0/../../../../avr/lib/avr5/memx-const\libm.a(divsf3x.o)
                              e:/xc8/avr/bin/../lib/gcc/avr/5.4.0/../../../../avr/lib/avr5/memx-const\libm.a(divsf3.o) (__divsf3x)
e:/xc8/avr/bin/../lib/gcc/avr/5.4.0/../../../../avr/lib/avr5/memx-const\libm.a(fixsfsi.o)
                              build/default/production/main.o (__fixsfsi)
e:/xc8/avr/bin/../lib/gcc/avr/5.4.0/../../../../avr/lib/avr5/memx-const\libm.a(fixunssfsi.o)
                              e:/xc8/avr/bin/../lib/gcc/avr/5.4.0/../../../../avr/lib/avr5/memx-const\libm.a(fixsfsi.o) (__fixunssfsi)
e:/xc8/avr/bin/../lib/gcc/avr/5.4.0/../../../../avr/lib/avr5/memx-const\libm.a(floatsisf.o)
                              build/default/production/main.o (__floatsisf)
e:/xc8/avr/bin/../lib/gcc/avr/5.4.0/../../../../avr/lib/avr5/memx-const\libm.a(fp_inf.o)
                              e:/xc8/avr/bin/../lib/gcc/avr/5.4.0/../../../../avr/lib/avr5/memx-const\libm.a(divsf3x.o) (__fp_inf)
e:/xc8/avr/bin/../lib/gcc/avr/5.4.0/../../../../avr/lib/avr5/memx-const\libm.a(fp_nan.o)
                              e:/xc8/avr/bin/../lib/gcc/avr/5.4.0/../../../../avr/lib/avr5/memx-const\libm.a(divsf3x.o) (__fp_nan)
e:/xc8/avr/bin/../lib/gcc/avr/5.4.0/../../../../avr/lib/avr5/memx-const\libm.a(fp_pscA.o)
                              e:/xc8/avr/bin/../lib/gcc/avr/5.4.0/../../../../avr/lib/avr5/memx-const\libm.a(divsf3x.o) (__fp_pscA)
e:/xc8/avr/bin/../lib/gcc/avr/5.4.0/../../../../avr/lib/avr5/memx-const\libm.a(fp_pscB.o)
                              e:/xc8/avr/bin/../lib/gcc/avr/5.4.0/../../../../avr/lib/avr5/memx-const\libm.a(divsf3x.o) (__fp_pscB)
e:/xc8/avr/bin/../lib/gcc/avr/5.4.0/../../../../avr/lib/avr5/memx-const\libm.a(fp_round.o)
                              e:/xc8/avr/bin/../lib/gcc/avr/5.4.0/../../../../avr/lib/avr5/memx-const\libm.a(divsf3.o) (__fp_round)
e:/xc8/avr/bin/../lib/gcc/avr/5.4.0/../../../../avr/lib/avr5/memx-const\libm.a(fp_split3.o)
                              e:/xc8/avr/bin/../lib/gcc/avr/5.4.0/../../../../avr/lib/avr5/memx-const\libm.a(divsf3x.o) (__fp_split3)
e:/xc8/avr/bin/../lib/gcc/avr/5.4.0/../../../../avr/lib/avr5/memx-const\libm.a(fp_zero.o)
                              e:/xc8/avr/bin/../lib/gcc/avr/5.4.0/../../../../avr/lib/avr5/memx-const\libm.a(fixunssfsi.o) (__fp_zero)
e:/xc8/avr/bin/../lib/gcc/avr/5.4.0/../../../../avr/lib/avr5/memx-const\libm.a(mulsf3.o)
                              build/default/production/main.o (__mulsf3)
e:/xc8/avr/bin/../lib/gcc/avr/5.4.0/../../../../avr/lib/avr5/memx-const\libm.a(mulsf3x.o)
                              e:/xc8/avr/bin/../lib/gcc/avr/5.4.0/../../../../avr/lib/avr5/memx-const\libm.a(mulsf3.o) (__mulsf3x)
e:/xc8/avr/bin/../lib/gcc/avr/5.4.0/avr5/memx-const\libgcc.a(_udivmodsi4.o)
                              build/default/production/main.o (__udivmodsi4)
e:/xc8/avr/bin/../lib/gcc/avr/5.4.0/avr5/memx-const\libgcc.a(_divmodsi4.o)
                              build/default/production/main.o (__divmodsi4)
e:/xc8/avr/bin/../lib/gcc/avr/5.4.0/avr5/memx-const\libgcc.a(_negsi2.o)
                              e:/xc8/avr/bin/../lib/gcc/avr/5.4.0/avr5/memx-const\libgcc.a(_divmodsi4.o) (__negsi2)
e:/xc8/avr/bin/../lib/gcc/avr/5.4.0/avr5/memx-const\libgcc.a(_exit.o)
                              C:/Users/ahmed/.mchp_packs/Microchip/ATmega_DFP/2.4.131/xc8/avr/lib/avr5/memx-const/crtatmega32.o (exit)
e:/xc8/avr/bin/../lib/gcc/avr/5.4.0/avr5/memx-const\libgcc.a(_movmemx.o)
                              build/default/production/main.o (__movmemx_qi)
e:/xc8/avr/bin/../lib/gcc/avr/5.4.0/../../../../avr/lib/avr5/memx-const\libc.a(itoa_ncheck.o)
                              build/default/production/mLCD.o (__itoa_ncheck)
e:/xc8/avr/bin/../lib/gcc/avr/5.4.0/../../../../avr/lib/avr5/memx-const\libc.a(utoa_ncheck.o)
                              e:/xc8/avr/bin/../lib/gcc/avr/5.4.0/../../../../avr/lib/avr5/memx-const\libc.a(itoa_ncheck.o) (__utoa_common)
e:/xc8/avr/bin/../lib/gcc/avr/5.4.0/../../../../avr/lib/avr5/memx-const\libc.a(strrev.o)
                              e:/xc8/avr/bin/../lib/gcc/avr/5.4.0/../../../../avr/lib/avr5/memx-const\libc.a(utoa_ncheck.o) (strrev)

Discarded input sections

 .data          0x0000000000000000        0x0 C:/Users/ahmed/.mchp_packs/Microchip/ATmega_DFP/2.4.131/xc8/avr/lib/avr5/memx-const/crtatmega32.o
 .bss           0x0000000000000000        0x0 C:/Users/ahmed/.mchp_packs/Microchip/ATmega_DFP/2.4.131/xc8/avr/lib/avr5/memx-const/crtatmega32.o
 .text          0x0000000000000000        0x0 build/default/production/main.o
 .data          0x0000000000000000        0x0 build/default/production/main.o
 .bss           0x0000000000000000        0x0 build/default/production/main.o
 .text          0x0000000000000000        0x0 build/default/production/mTimer.o
 .data          0x0000000000000000        0x0 build/default/production/mTimer.o
 .bss           0x0000000000000000        0x0 build/default/production/mTimer.o
 .text          0x0000000000000000        0x0 build/default/production/IO.o
 .data          0x0000000000000000        0x0 build/default/production/IO.o
 .bss           0x0000000000000000        0x0 build/default/production/IO.o
 .text.setPortDir
                0x0000000000000000       0x5c build/default/production/IO.o
 .text.setPortData
                0x0000000000000000       0x34 build/default/production/IO.o
 .text          0x0000000000000000        0x0 build/default/production/mLCD.o
 .data          0x0000000000000000        0x0 build/default/production/mLCD.o
 .bss           0x0000000000000000        0x0 build/default/production/mLCD.o
 .text          0x0000000000000000        0x0 e:/xc8/avr/bin/../lib/gcc/avr/5.4.0/../../../../avr/lib/avr5/memx-const\libm.a(divsf3.o)
 .data          0x0000000000000000        0x0 e:/xc8/avr/bin/../lib/gcc/avr/5.4.0/../../../../avr/lib/avr5/memx-const\libm.a(divsf3.o)
 .bss           0x0000000000000000        0x0 e:/xc8/avr/bin/../lib/gcc/avr/5.4.0/../../../../avr/lib/avr5/memx-const\libm.a(divsf3.o)
 .stack.descriptors
                0x0000000000000000       0x16 e:/xc8/avr/bin/../lib/gcc/avr/5.4.0/../../../../avr/lib/avr5/memx-const\libm.a(divsf3.o)
 .text          0x0000000000000000        0x0 e:/xc8/avr/bin/../lib/gcc/avr/5.4.0/../../../../avr/lib/avr5/memx-const\libm.a(divsf3x.o)
 .data          0x0000000000000000        0x0 e:/xc8/avr/bin/../lib/gcc/avr/5.4.0/../../../../avr/lib/avr5/memx-const\libm.a(divsf3x.o)
 .bss           0x0000000000000000        0x0 e:/xc8/avr/bin/../lib/gcc/avr/5.4.0/../../../../avr/lib/avr5/memx-const\libm.a(divsf3x.o)
 .stack.descriptors
                0x0000000000000000       0x31 e:/xc8/avr/bin/../lib/gcc/avr/5.4.0/../../../../avr/lib/avr5/memx-const\libm.a(divsf3x.o)
 .text          0x0000000000000000        0x0 e:/xc8/avr/bin/../lib/gcc/avr/5.4.0/../../../../avr/lib/avr5/memx-const\libm.a(fixsfsi.o)
 .data          0x0000000000000000        0x0 e:/xc8/avr/bin/../lib/gcc/avr/5.4.0/../../../../avr/lib/avr5/memx-const\libm.a(fixsfsi.o)
 .bss           0x0000000000000000        0x0 e:/xc8/avr/bin/../lib/gcc/avr/5.4.0/../../../../avr/lib/avr5/memx-const\libm.a(fixsfsi.o)
 .stack.descriptors
                0x0000000000000000       0x17 e:/xc8/avr/bin/../lib/gcc/avr/5.4.0/../../../../avr/lib/avr5/memx-const\libm.a(fixsfsi.o)
 .text          0x0000000000000000        0x0 e:/xc8/avr/bin/../lib/gcc/avr/5.4.0/../../../../avr/lib/avr5/memx-const\libm.a(fixunssfsi.o)
 .data          0x0000000000000000        0x0 e:/xc8/avr/bin/../lib/gcc/avr/5.4.0/../../../../avr/lib/avr5/memx-const\libm.a(fixunssfsi.o)
 .bss           0x0000000000000000        0x0 e:/xc8/avr/bin/../lib/gcc/avr/5.4.0/../../../../avr/lib/avr5/memx-const\libm.a(fixunssfsi.o)
 .stack.descriptors
                0x0000000000000000       0x1a e:/xc8/avr/bin/../lib/gcc/avr/5.4.0/../../../../avr/lib/avr5/memx-const\libm.a(fixunssfsi.o)
 .text          0x0000000000000000        0x0 e:/xc8/avr/bin/../lib/gcc/avr/5.4.0/../../../../avr/lib/avr5/memx-const\libm.a(floatsisf.o)
 .data          0x0000000000000000        0x0 e:/xc8/avr/bin/../lib/gcc/avr/5.4.0/../../../../avr/lib/avr5/memx-const\libm.a(floatsisf.o)
 .bss           0x0000000000000000        0x0 e:/xc8/avr/bin/../lib/gcc/avr/5.4.0/../../../../avr/lib/avr5/memx-const\libm.a(floatsisf.o)
 .stack.descriptors
                0x0000000000000000       0x34 e:/xc8/avr/bin/../lib/gcc/avr/5.4.0/../../../../avr/lib/avr5/memx-const\libm.a(floatsisf.o)
 .text          0x0000000000000000        0x0 e:/xc8/avr/bin/../lib/gcc/avr/5.4.0/../../../../avr/lib/avr5/memx-const\libm.a(fp_inf.o)
 .data          0x0000000000000000        0x0 e:/xc8/avr/bin/../lib/gcc/avr/5.4.0/../../../../avr/lib/avr5/memx-const\libm.a(fp_inf.o)
 .bss           0x0000000000000000        0x0 e:/xc8/avr/bin/../lib/gcc/avr/5.4.0/../../../../avr/lib/avr5/memx-const\libm.a(fp_inf.o)
 .stack.descriptors
                0x0000000000000000       0x16 e:/xc8/avr/bin/../lib/gcc/avr/5.4.0/../../../../avr/lib/avr5/memx-const\libm.a(fp_inf.o)
 .text          0x0000000000000000        0x0 e:/xc8/avr/bin/../lib/gcc/avr/5.4.0/../../../../avr/lib/avr5/memx-const\libm.a(fp_nan.o)
 .data          0x0000000000000000        0x0 e:/xc8/avr/bin/../lib/gcc/avr/5.4.0/../../../../avr/lib/avr5/memx-const\libm.a(fp_nan.o)
 .bss           0x0000000000000000        0x0 e:/xc8/avr/bin/../lib/gcc/avr/5.4.0/../../../../avr/lib/avr5/memx-const\libm.a(fp_nan.o)
 .stack.descriptors
                0x0000000000000000       0x16 e:/xc8/avr/bin/../lib/gcc/avr/5.4.0/../../../../avr/lib/avr5/memx-const\libm.a(fp_nan.o)
 .text          0x0000000000000000        0x0 e:/xc8/avr/bin/../lib/gcc/avr/5.4.0/../../../../avr/lib/avr5/memx-const\libm.a(fp_pscA.o)
 .data          0x0000000000000000        0x0 e:/xc8/avr/bin/../lib/gcc/avr/5.4.0/../../../../avr/lib/avr5/memx-const\libm.a(fp_pscA.o)
 .bss           0x0000000000000000        0x0 e:/xc8/avr/bin/../lib/gcc/avr/5.4.0/../../../../avr/lib/avr5/memx-const\libm.a(fp_pscA.o)
 .stack.descriptors
                0x0000000000000000       0x17 e:/xc8/avr/bin/../lib/gcc/avr/5.4.0/../../../../avr/lib/avr5/memx-const\libm.a(fp_pscA.o)
 .text          0x0000000000000000        0x0 e:/xc8/avr/bin/../lib/gcc/avr/5.4.0/../../../../avr/lib/avr5/memx-const\libm.a(fp_pscB.o)
 .data          0x0000000000000000        0x0 e:/xc8/avr/bin/../lib/gcc/avr/5.4.0/../../../../avr/lib/avr5/memx-const\libm.a(fp_pscB.o)
 .bss           0x0000000000000000        0x0 e:/xc8/avr/bin/../lib/gcc/avr/5.4.0/../../../../avr/lib/avr5/memx-const\libm.a(fp_pscB.o)
 .stack.descriptors
                0x0000000000000000       0x17 e:/xc8/avr/bin/../lib/gcc/avr/5.4.0/../../../../avr/lib/avr5/memx-const\libm.a(fp_pscB.o)
 .text          0x0000000000000000        0x0 e:/xc8/avr/bin/../lib/gcc/avr/5.4.0/../../../../avr/lib/avr5/memx-const\libm.a(fp_round.o)
 .data          0x0000000000000000        0x0 e:/xc8/avr/bin/../lib/gcc/avr/5.4.0/../../../../avr/lib/avr5/memx-const\libm.a(fp_round.o)
 .bss           0x0000000000000000        0x0 e:/xc8/avr/bin/../lib/gcc/avr/5.4.0/../../../../avr/lib/avr5/memx-const\libm.a(fp_round.o)
 .stack.descriptors
                0x0000000000000000       0x18 e:/xc8/avr/bin/../lib/gcc/avr/5.4.0/../../../../avr/lib/avr5/memx-const\libm.a(fp_round.o)
 .text          0x0000000000000000        0x0 e:/xc8/avr/bin/../lib/gcc/avr/5.4.0/../../../../avr/lib/avr5/memx-const\libm.a(fp_split3.o)
 .data          0x0000000000000000        0x0 e:/xc8/avr/bin/../lib/gcc/avr/5.4.0/../../../../avr/lib/avr5/memx-const\libm.a(fp_split3.o)
 .bss           0x0000000000000000        0x0 e:/xc8/avr/bin/../lib/gcc/avr/5.4.0/../../../../avr/lib/avr5/memx-const\libm.a(fp_split3.o)
 .stack.descriptors
                0x0000000000000000       0x32 e:/xc8/avr/bin/../lib/gcc/avr/5.4.0/../../../../avr/lib/avr5/memx-const\libm.a(fp_split3.o)
 .text          0x0000000000000000        0x0 e:/xc8/avr/bin/../lib/gcc/avr/5.4.0/../../../../avr/lib/avr5/memx-const\libm.a(fp_zero.o)
 .data          0x0000000000000000        0x0 e:/xc8/avr/bin/../lib/gcc/avr/5.4.0/../../../../avr/lib/avr5/memx-const\libm.a(fp_zero.o)
 .bss           0x0000000000000000        0x0 e:/xc8/avr/bin/../lib/gcc/avr/5.4.0/../../../../avr/lib/avr5/memx-const\libm.a(fp_zero.o)
 .stack.descriptors
                0x0000000000000000       0x2f e:/xc8/avr/bin/../lib/gcc/avr/5.4.0/../../../../avr/lib/avr5/memx-const\libm.a(fp_zero.o)
 .text          0x0000000000000000        0x0 e:/xc8/avr/bin/../lib/gcc/avr/5.4.0/../../../../avr/lib/avr5/memx-const\libm.a(mulsf3.o)
 .data          0x0000000000000000        0x0 e:/xc8/avr/bin/../lib/gcc/avr/5.4.0/../../../../avr/lib/avr5/memx-const\libm.a(mulsf3.o)
 .bss           0x0000000000000000        0x0 e:/xc8/avr/bin/../lib/gcc/avr/5.4.0/../../../../avr/lib/avr5/memx-const\libm.a(mulsf3.o)
 .stack.descriptors
                0x0000000000000000       0x16 e:/xc8/avr/bin/../lib/gcc/avr/5.4.0/../../../../avr/lib/avr5/memx-const\libm.a(mulsf3.o)
 .text          0x0000000000000000        0x0 e:/xc8/avr/bin/../lib/gcc/avr/5.4.0/../../../../avr/lib/avr5/memx-const\libm.a(mulsf3x.o)
 .data          0x0000000000000000        0x0 e:/xc8/avr/bin/../lib/gcc/avr/5.4.0/../../../../avr/lib/avr5/memx-const\libm.a(mulsf3x.o)
 .bss           0x0000000000000000        0x0 e:/xc8/avr/bin/../lib/gcc/avr/5.4.0/../../../../avr/lib/avr5/memx-const\libm.a(mulsf3x.o)
 .stack.descriptors
                0x0000000000000000       0x31 e:/xc8/avr/bin/../lib/gcc/avr/5.4.0/../../../../avr/lib/avr5/memx-const\libm.a(mulsf3x.o)
 .text          0x0000000000000000        0x0 e:/xc8/avr/bin/../lib/gcc/avr/5.4.0/avr5/memx-const\libgcc.a(_udivmodsi4.o)
 .data          0x0000000000000000        0x0 e:/xc8/avr/bin/../lib/gcc/avr/5.4.0/avr5/memx-const\libgcc.a(_udivmodsi4.o)
 .bss           0x0000000000000000        0x0 e:/xc8/avr/bin/../lib/gcc/avr/5.4.0/avr5/memx-const\libgcc.a(_udivmodsi4.o)
 .text.libgcc.mul
                0x0000000000000000        0x0 e:/xc8/avr/bin/../lib/gcc/avr/5.4.0/avr5/memx-const\libgcc.a(_udivmodsi4.o)
 .stack.descriptors
                0x0000000000000000       0x1a e:/xc8/avr/bin/../lib/gcc/avr/5.4.0/avr5/memx-const\libgcc.a(_udivmodsi4.o)
 .text.libgcc   0x0000000000000000        0x0 e:/xc8/avr/bin/../lib/gcc/avr/5.4.0/avr5/memx-const\libgcc.a(_udivmodsi4.o)
 .text.libgcc.prologue
                0x0000000000000000        0x0 e:/xc8/avr/bin/../lib/gcc/avr/5.4.0/avr5/memx-const\libgcc.a(_udivmodsi4.o)
 .text.libgcc.builtins
                0x0000000000000000        0x0 e:/xc8/avr/bin/../lib/gcc/avr/5.4.0/avr5/memx-const\libgcc.a(_udivmodsi4.o)
 .text.libgcc.fmul
                0x0000000000000000        0x0 e:/xc8/avr/bin/../lib/gcc/avr/5.4.0/avr5/memx-const\libgcc.a(_udivmodsi4.o)
 .text.libgcc.fixed
                0x0000000000000000        0x0 e:/xc8/avr/bin/../lib/gcc/avr/5.4.0/avr5/memx-const\libgcc.a(_udivmodsi4.o)
 .text          0x0000000000000000        0x0 e:/xc8/avr/bin/../lib/gcc/avr/5.4.0/avr5/memx-const\libgcc.a(_divmodsi4.o)
 .data          0x0000000000000000        0x0 e:/xc8/avr/bin/../lib/gcc/avr/5.4.0/avr5/memx-const\libgcc.a(_divmodsi4.o)
 .bss           0x0000000000000000        0x0 e:/xc8/avr/bin/../lib/gcc/avr/5.4.0/avr5/memx-const\libgcc.a(_divmodsi4.o)
 .text.libgcc.mul
                0x0000000000000000        0x0 e:/xc8/avr/bin/../lib/gcc/avr/5.4.0/avr5/memx-const\libgcc.a(_divmodsi4.o)
 .stack.descriptors
                0x0000000000000000       0x19 e:/xc8/avr/bin/../lib/gcc/avr/5.4.0/avr5/memx-const\libgcc.a(_divmodsi4.o)
 .text.libgcc   0x0000000000000000        0x0 e:/xc8/avr/bin/../lib/gcc/avr/5.4.0/avr5/memx-const\libgcc.a(_divmodsi4.o)
 .text.libgcc.prologue
                0x0000000000000000        0x0 e:/xc8/avr/bin/../lib/gcc/avr/5.4.0/avr5/memx-const\libgcc.a(_divmodsi4.o)
 .text.libgcc.builtins
                0x0000000000000000        0x0 e:/xc8/avr/bin/../lib/gcc/avr/5.4.0/avr5/memx-const\libgcc.a(_divmodsi4.o)
 .text.libgcc.fmul
                0x0000000000000000        0x0 e:/xc8/avr/bin/../lib/gcc/avr/5.4.0/avr5/memx-const\libgcc.a(_divmodsi4.o)
 .text.libgcc.fixed
                0x0000000000000000        0x0 e:/xc8/avr/bin/../lib/gcc/avr/5.4.0/avr5/memx-const\libgcc.a(_divmodsi4.o)
 .text          0x0000000000000000        0x0 e:/xc8/avr/bin/../lib/gcc/avr/5.4.0/avr5/memx-const\libgcc.a(_negsi2.o)
 .data          0x0000000000000000        0x0 e:/xc8/avr/bin/../lib/gcc/avr/5.4.0/avr5/memx-const\libgcc.a(_negsi2.o)
 .bss           0x0000000000000000        0x0 e:/xc8/avr/bin/../lib/gcc/avr/5.4.0/avr5/memx-const\libgcc.a(_negsi2.o)
 .text.libgcc.mul
                0x0000000000000000        0x0 e:/xc8/avr/bin/../lib/gcc/avr/5.4.0/avr5/memx-const\libgcc.a(_negsi2.o)
 .stack.descriptors
                0x0000000000000000       0x16 e:/xc8/avr/bin/../lib/gcc/avr/5.4.0/avr5/memx-const\libgcc.a(_negsi2.o)
 .text.libgcc   0x0000000000000000        0x0 e:/xc8/avr/bin/../lib/gcc/avr/5.4.0/avr5/memx-const\libgcc.a(_negsi2.o)
 .text.libgcc.prologue
                0x0000000000000000        0x0 e:/xc8/avr/bin/../lib/gcc/avr/5.4.0/avr5/memx-const\libgcc.a(_negsi2.o)
 .text.libgcc.builtins
                0x0000000000000000        0x0 e:/xc8/avr/bin/../lib/gcc/avr/5.4.0/avr5/memx-const\libgcc.a(_negsi2.o)
 .text.libgcc.fmul
                0x0000000000000000        0x0 e:/xc8/avr/bin/../lib/gcc/avr/5.4.0/avr5/memx-const\libgcc.a(_negsi2.o)
 .text.libgcc.fixed
                0x0000000000000000        0x0 e:/xc8/avr/bin/../lib/gcc/avr/5.4.0/avr5/memx-const\libgcc.a(_negsi2.o)
 .text          0x0000000000000000        0x0 e:/xc8/avr/bin/../lib/gcc/avr/5.4.0/avr5/memx-const\libgcc.a(_exit.o)
 .data          0x0000000000000000        0x0 e:/xc8/avr/bin/../lib/gcc/avr/5.4.0/avr5/memx-const\libgcc.a(_exit.o)
 .bss           0x0000000000000000        0x0 e:/xc8/avr/bin/../lib/gcc/avr/5.4.0/avr5/memx-const\libgcc.a(_exit.o)
 .text.libgcc.mul
                0x0000000000000000        0x0 e:/xc8/avr/bin/../lib/gcc/avr/5.4.0/avr5/memx-const\libgcc.a(_exit.o)
 .text.libgcc.div
                0x0000000000000000        0x0 e:/xc8/avr/bin/../lib/gcc/avr/5.4.0/avr5/memx-const\libgcc.a(_exit.o)
 .text.libgcc   0x0000000000000000        0x0 e:/xc8/avr/bin/../lib/gcc/avr/5.4.0/avr5/memx-const\libgcc.a(_exit.o)
 .text.libgcc.prologue
                0x0000000000000000        0x0 e:/xc8/avr/bin/../lib/gcc/avr/5.4.0/avr5/memx-const\libgcc.a(_exit.o)
 .stack.descriptors
                0x0000000000000000       0x13 e:/xc8/avr/bin/../lib/gcc/avr/5.4.0/avr5/memx-const\libgcc.a(_exit.o)
 .text.libgcc.builtins
                0x0000000000000000        0x0 e:/xc8/avr/bin/../lib/gcc/avr/5.4.0/avr5/memx-const\libgcc.a(_exit.o)
 .text.libgcc.fmul
                0x0000000000000000        0x0 e:/xc8/avr/bin/../lib/gcc/avr/5.4.0/avr5/memx-const\libgcc.a(_exit.o)
 .text.libgcc.fixed
                0x0000000000000000        0x0 e:/xc8/avr/bin/../lib/gcc/avr/5.4.0/avr5/memx-const\libgcc.a(_exit.o)
 .text          0x0000000000000000        0x0 e:/xc8/avr/bin/../lib/gcc/avr/5.4.0/avr5/memx-const\libgcc.a(_movmemx.o)
 .data          0x0000000000000000        0x0 e:/xc8/avr/bin/../lib/gcc/avr/5.4.0/avr5/memx-const\libgcc.a(_movmemx.o)
 .bss           0x0000000000000000        0x0 e:/xc8/avr/bin/../lib/gcc/avr/5.4.0/avr5/memx-const\libgcc.a(_movmemx.o)
 .text.libgcc.mul
                0x0000000000000000        0x0 e:/xc8/avr/bin/../lib/gcc/avr/5.4.0/avr5/memx-const\libgcc.a(_movmemx.o)
 .text.libgcc.div
                0x0000000000000000        0x0 e:/xc8/avr/bin/../lib/gcc/avr/5.4.0/avr5/memx-const\libgcc.a(_movmemx.o)
 .text.libgcc.prologue
                0x0000000000000000        0x0 e:/xc8/avr/bin/../lib/gcc/avr/5.4.0/avr5/memx-const\libgcc.a(_movmemx.o)
 .stack.descriptors
                0x0000000000000000       0x34 e:/xc8/avr/bin/../lib/gcc/avr/5.4.0/avr5/memx-const\libgcc.a(_movmemx.o)
 .text.libgcc.builtins
                0x0000000000000000        0x0 e:/xc8/avr/bin/../lib/gcc/avr/5.4.0/avr5/memx-const\libgcc.a(_movmemx.o)
 .text.libgcc.fmul
                0x0000000000000000        0x0 e:/xc8/avr/bin/../lib/gcc/avr/5.4.0/avr5/memx-const\libgcc.a(_movmemx.o)
 .text.libgcc.fixed
                0x0000000000000000        0x0 e:/xc8/avr/bin/../lib/gcc/avr/5.4.0/avr5/memx-const\libgcc.a(_movmemx.o)
 .text          0x0000000000000000        0x0 e:/xc8/avr/bin/../lib/gcc/avr/5.4.0/../../../../avr/lib/avr5/memx-const\libc.a(itoa_ncheck.o)
 .data          0x0000000000000000        0x0 e:/xc8/avr/bin/../lib/gcc/avr/5.4.0/../../../../avr/lib/avr5/memx-const\libc.a(itoa_ncheck.o)
 .bss           0x0000000000000000        0x0 e:/xc8/avr/bin/../lib/gcc/avr/5.4.0/../../../../avr/lib/avr5/memx-const\libc.a(itoa_ncheck.o)
 .stack.descriptors
                0x0000000000000000       0x1b e:/xc8/avr/bin/../lib/gcc/avr/5.4.0/../../../../avr/lib/avr5/memx-const\libc.a(itoa_ncheck.o)
 .text          0x0000000000000000        0x0 e:/xc8/avr/bin/../lib/gcc/avr/5.4.0/../../../../avr/lib/avr5/memx-const\libc.a(utoa_ncheck.o)
 .data          0x0000000000000000        0x0 e:/xc8/avr/bin/../lib/gcc/avr/5.4.0/../../../../avr/lib/avr5/memx-const\libc.a(utoa_ncheck.o)
 .bss           0x0000000000000000        0x0 e:/xc8/avr/bin/../lib/gcc/avr/5.4.0/../../../../avr/lib/avr5/memx-const\libc.a(utoa_ncheck.o)
 .stack.descriptors
                0x0000000000000000       0x36 e:/xc8/avr/bin/../lib/gcc/avr/5.4.0/../../../../avr/lib/avr5/memx-const\libc.a(utoa_ncheck.o)
 .text          0x0000000000000000        0x0 e:/xc8/avr/bin/../lib/gcc/avr/5.4.0/../../../../avr/lib/avr5/memx-const\libc.a(strrev.o)
 .data          0x0000000000000000        0x0 e:/xc8/avr/bin/../lib/gcc/avr/5.4.0/../../../../avr/lib/avr5/memx-const\libc.a(strrev.o)
 .bss           0x0000000000000000        0x0 e:/xc8/avr/bin/../lib/gcc/avr/5.4.0/../../../../avr/lib/avr5/memx-const\libc.a(strrev.o)
 .stack.descriptors
                0x0000000000000000       0x14 e:/xc8/avr/bin/../lib/gcc/avr/5.4.0/../../../../avr/lib/avr5/memx-const\libc.a(strrev.o)

Memory Configuration

Name             Origin             Length             Attributes
text             0x0000000000000000 0x0000000000008000 xr
data             0x0000000000800060 0x0000000000000800 rw !x
eeprom           0x0000000000810000 0x0000000000000400 rw !x
fuse             0x0000000000820000 0x0000000000000002 rw !x
lock             0x0000000000830000 0x0000000000000400 rw !x
signature        0x0000000000840000 0x0000000000000400 rw !x
user_signatures  0x0000000000850000 0x0000000000000400 rw !x
*default*        0x0000000000000000 0xffffffffffffffff

Linker script and memory map

LOAD C:/Users/ahmed/.mchp_packs/Microchip/ATmega_DFP/2.4.131/xc8/avr/lib/avr5/memx-const/crtatmega32.o
                0x0000000000000001                __MPLAB_BUILD = 0x1
LOAD build/default/production/main.o
LOAD build/default/production/mTimer.o
LOAD build/default/production/IO.o
LOAD build/default/production/mLCD.o
START GROUP
LOAD e:/xc8/avr/bin/../lib/gcc/avr/5.4.0/../../../../avr/lib/avr5/memx-const\libm.a
END GROUP
START GROUP
LOAD e:/xc8/avr/bin/../lib/gcc/avr/5.4.0/avr5/memx-const\libgcc.a
LOAD e:/xc8/avr/bin/../lib/gcc/avr/5.4.0/../../../../avr/lib/avr5/memx-const\libm.a
LOAD e:/xc8/avr/bin/../lib/gcc/avr/5.4.0/../../../../avr/lib/avr5/memx-const\libc.a
LOAD C:/Users/ahmed/.mchp_packs/Microchip/ATmega_DFP/2.4.131/xc8/avr/lib/avr5/memx-const\libatmega32.a
END GROUP
                0x0000000000000000                __TEXT_REGION_ORIGIN__ = DEFINED (__TEXT_REGION_ORIGIN__)?__TEXT_REGION_ORIGIN__:0x0
                [0x0000000000800060]                __DATA_REGION_ORIGIN__ = DEFINED (__DATA_REGION_ORIGIN__)?__DATA_REGION_ORIGIN__:0x800060
                [0x0000000000008000]                __TEXT_REGION_LENGTH__ = DEFINED (__TEXT_REGION_LENGTH__)?__TEXT_REGION_LENGTH__:0x20000
                [0x0000000000000800]                __DATA_REGION_LENGTH__ = DEFINED (__DATA_REGION_LENGTH__)?__DATA_REGION_LENGTH__:0xffa0
                [0x0000000000000400]                __EEPROM_REGION_LENGTH__ = DEFINED (__EEPROM_REGION_LENGTH__)?__EEPROM_REGION_LENGTH__:0x10000
                [0x0000000000000002]                __FUSE_REGION_LENGTH__ = DEFINED (__FUSE_REGION_LENGTH__)?__FUSE_REGION_LENGTH__:0x400
                0x0000000000000400                __LOCK_REGION_LENGTH__ = DEFINED (__LOCK_REGION_LENGTH__)?__LOCK_REGION_LENGTH__:0x400
                0x0000000000000400                __SIGNATURE_REGION_LENGTH__ = DEFINED (__SIGNATURE_REGION_LENGTH__)?__SIGNATURE_REGION_LENGTH__:0x400
                0x0000000000000400                __USER_SIGNATURE_REGION_LENGTH__ = DEFINED (__USER_SIGNATURE_REGION_LENGTH__)?__USER_SIGNATURE_REGION_LENGTH__:0x400

.hash
 *(.hash)

.dynsym
 *(.dynsym)

.dynstr
 *(.dynstr)

.gnu.version
 *(.gnu.version)

.gnu.version_d
 *(.gnu.version_d)

.gnu.version_r
 *(.gnu.version_r)

.rel.init
 *(.rel.init)

.rela.init
 *(.rela.init)

.rel.text
 *(.rel.text)
 *(.rel.text.*)
 *(.rel.gnu.linkonce.t*)

.rela.text
 *(.rela.text)
 *(.rela.text.*)
 *(.rela.gnu.linkonce.t*)

.rel.fini
 *(.rel.fini)

.rela.fini
 *(.rela.fini)

.rel.rodata
 *(.rel.rodata)
 *(.rel.rodata.*)
 *(.rel.gnu.linkonce.r*)

.rela.rodata
 *(.rela.rodata)
 *(.rela.rodata.*)
 *(.rela.gnu.linkonce.r*)

.rel.data
 *(.rel.data)
 *(.rel.data.*)
 *(.rel.gnu.linkonce.d*)

.rela.data
 *(.rela.data)
 *(.rela.data.*)
 *(.rela.gnu.linkonce.d*)

.rel.ctors
 *(.rel.ctors)

.rela.ctors
 *(.rela.ctors)

.rel.dtors
 *(.rel.dtors)

.rela.dtors
 *(.rela.dtors)

.rel.got
 *(.rel.got)

.rela.got
 *(.rela.got)

.rel.bss
 *(.rel.bss)

.rela.bss
 *(.rela.bss)

.rel.plt
 *(.rel.plt)

.rela.plt
 *(.rela.plt)

.text           0x0000000000000000       0x6c
 *(.vectors)
 .vectors       0x0000000000000000       0x54 C:/Users/ahmed/.mchp_packs/Microchip/ATmega_DFP/2.4.131/xc8/avr/lib/avr5/memx-const/crtatmega32.o
                0x0000000000000000                __vector_default
                0x0000000000000000                __vectors
 *(.vectors)
 *(.progmem.gcc*)
 *(.dinit)
 .dinit         0x0000000000000054        0x0 data_init
                0x0000000000000054                . = ALIGN (0x2)
                0x0000000000000054                __trampolines_start = .
 *(.trampolines)
 .trampolines   0x0000000000000054        0x0 linker stubs
 *(.trampolines*)
                0x0000000000000054                __trampolines_end = .
 *libprintf_flt.a:*(.progmem.data)
 *libc.a:*(.progmem.data)
                0x0000000000000054                . = ALIGN (0x2)
 *(.jumptables)
 *(.jumptables*)
 *(.lowtext)
 *(.lowtext*)
                0x0000000000000054                __ctors_start = .
 *(.ctors)
                0x0000000000000054                __ctors_end = .
                0x0000000000000054                __dtors_start = .
 *(.dtors)
                0x0000000000000054                __dtors_end = .
 SORT(*)(.ctors)
 SORT(*)(.dtors)
 *(.init0)
 .init0         0x0000000000000054        0x0 C:/Users/ahmed/.mchp_packs/Microchip/ATmega_DFP/2.4.131/xc8/avr/lib/avr5/memx-const/crtatmega32.o
                0x0000000000000054                __init
 *(.init0)
 *(.init1)
 *(.init1)
 *(.init2)
 .init2         0x0000000000000054        0xc C:/Users/ahmed/.mchp_packs/Microchip/ATmega_DFP/2.4.131/xc8/avr/lib/avr5/memx-const/crtatmega32.o
 *(.init2)
 *(.init3)
 *(.init3)
 *(.init4)
 *(.init4)
 *(.init5)
 *(.init5)
 *(.init6)
 *(.init6)
 *(.init7)
 *(.init7)
 *(.init8)
 *(.init8)
 *(.init9)
 .init9         0x0000000000000060        0x8 C:/Users/ahmed/.mchp_packs/Microchip/ATmega_DFP/2.4.131/xc8/avr/lib/avr5/memx-const/crtatmega32.o
 *(.init9)
                0x0000000000000068                . = ALIGN (0x2)
 *(.fini9)
 .fini9         0x0000000000000068        0x0 e:/xc8/avr/bin/../lib/gcc/avr/5.4.0/avr5/memx-const\libgcc.a(_exit.o)
                0x0000000000000068                _exit
                0x0000000000000068                exit
 *(.fini9)
 *(.fini8)
 *(.fini8)
 *(.fini7)
 *(.fini7)
 *(.fini6)
 *(.fini6)
 *(.fini5)
 *(.fini5)
 *(.fini4)
 *(.fini4)
 *(.fini3)
 *(.fini3)
 *(.fini2)
 *(.fini2)
 *(.fini1)
 *(.fini1)
 *(.fini0)
 .fini0         0x0000000000000068        0x4 e:/xc8/avr/bin/../lib/gcc/avr/5.4.0/avr5/memx-const\libgcc.a(_exit.o)
 *(.fini0)
                0x000000000000006c                _etext = .

.data           0x0000000000800060        0x0 load address 0x000000000000006c
                [!provide]                        PROVIDE (__data_start, .)
 *(.gnu.linkonce.d*)
 *(.gnu.linkonce.r*)
                0x0000000000800060                . = ALIGN (0x2)
                0x0000000000800060                _edata = .
                [!provide]                        PROVIDE (__data_end, .)

.bss            0x0000000000800060        0x0
                [!provide]                        PROVIDE (__bss_start, .)
 *(COMMON)
                [!provide]                        PROVIDE (__bss_end, .)
                0x000000000000006c                __data_load_start = LOADADDR (.data)
                0x000000000000006c                __data_load_end = (__data_load_start + SIZEOF (.data))

.noinit         0x0000000000800060        0x0
                [!provide]                        PROVIDE (__noinit_start, .)
 *(.noinit*)
                [!provide]                        PROVIDE (__noinit_end, .)
                0x0000000000800060                _end = .

.eeprom         0x0000000000810000        0x0
 *(.eeprom*)
                0x0000000000810000                __eeprom_end = .

.fuse
 *(.fuse)
 *(.lfuse)
 *(.hfuse)
 *(.efuse)

.lock
 *(.lock*)

.signature
 *(.signature*)

.user_signatures
 *(.user_signatures*)

.stab
 *(.stab)

.stabstr
 *(.stabstr)

.stab.excl
 *(.stab.excl)

.stab.exclstr
 *(.stab.exclstr)

.stab.index
 *(.stab.index)

.stab.indexstr
 *(.stab.indexstr)

.comment        0x0000000000000000       0x2f
 *(.comment)
 .comment       0x0000000000000000       0x2f build/default/production/main.o
                                         0x30 (size before relaxing)
 .comment       0x000000000000002f       0x30 build/default/production/mTimer.o
 .comment       0x000000000000002f       0x30 build/default/production/IO.o
 .comment       0x000000000000002f       0x30 build/default/production/mLCD.o

.stack.descriptors.hdr
                0x0000000000000000      0x134
 .stack.descriptors.hdr
                0x0000000000000000        0xe e:/xc8/avr/bin/../lib/gcc/avr/5.4.0/../../../../avr/lib/avr5/memx-const\libm.a(divsf3.o)
 .stack.descriptors.hdr
                0x000000000000000e        0xe e:/xc8/avr/bin/../lib/gcc/avr/5.4.0/../../../../avr/lib/avr5/memx-const\libm.a(divsf3x.o)
 .stack.descriptors.hdr
                0x000000000000001c        0xe e:/xc8/avr/bin/../lib/gcc/avr/5.4.0/../../../../avr/lib/avr5/memx-const\libm.a(fixsfsi.o)
 .stack.descriptors.hdr
                0x000000000000002a        0xe e:/xc8/avr/bin/../lib/gcc/avr/5.4.0/../../../../avr/lib/avr5/memx-const\libm.a(fixunssfsi.o)
 .stack.descriptors.hdr
                0x0000000000000038        0xe e:/xc8/avr/bin/../lib/gcc/avr/5.4.0/../../../../avr/lib/avr5/memx-const\libm.a(floatsisf.o)
 .stack.descriptors.hdr
                0x0000000000000046        0xe e:/xc8/avr/bin/../lib/gcc/avr/5.4.0/../../../../avr/lib/avr5/memx-const\libm.a(fp_inf.o)
 .stack.descriptors.hdr
                0x0000000000000054        0xe e:/xc8/avr/bin/../lib/gcc/avr/5.4.0/../../../../avr/lib/avr5/memx-const\libm.a(fp_nan.o)
 .stack.descriptors.hdr
                0x0000000000000062        0xe e:/xc8/avr/bin/../lib/gcc/avr/5.4.0/../../../../avr/lib/avr5/memx-const\libm.a(fp_pscA.o)
 .stack.descriptors.hdr
                0x0000000000000070        0xe e:/xc8/avr/bin/../lib/gcc/avr/5.4.0/../../../../avr/lib/avr5/memx-const\libm.a(fp_pscB.o)
 .stack.descriptors.hdr
                0x000000000000007e        0xe e:/xc8/avr/bin/../lib/gcc/avr/5.4.0/../../../../avr/lib/avr5/memx-const\libm.a(fp_round.o)
 .stack.descriptors.hdr
                0x000000000000008c        0xe e:/xc8/avr/bin/../lib/gcc/avr/5.4.0/../../../../avr/lib/avr5/memx-const\libm.a(fp_split3.o)
 .stack.descriptors.hdr
                0x000000000000009a        0xe e:/xc8/avr/bin/../lib/gcc/avr/5.4.0/../../../../avr/lib/avr5/memx-const\libm.a(fp_zero.o)
 .stack.descriptors.hdr
                0x00000000000000a8        0xe e:/xc8/avr/bin/../lib/gcc/avr/5.4.0/../../../../avr/lib/avr5/memx-const\libm.a(mulsf3.o)
 .stack.descriptors.hdr
                0x00000000000000b6        0xe e:/xc8/avr/bin/../lib/gcc/avr/5.4.0/../../../../avr/lib/avr5/memx-const\libm.a(mulsf3x.o)
 .stack.descriptors.hdr
                0x00000000000000c4        0xe e:/xc8/avr/bin/../lib/gcc/avr/5.4.0/avr5/memx-const\libgcc.a(_udivmodsi4.o)
 .stack.descriptors.hdr
                0x00000000000000d2        0xe e:/xc8/avr/bin/../lib/gcc/avr/5.4.0/avr5/memx-const\libgcc.a(_divmodsi4.o)
 .stack.descriptors.hdr
                0x00000000000000e0        0xe e:/xc8/avr/bin/../lib/gcc/avr/5.4.0/avr5/memx-const\libgcc.a(_negsi2.o)
 .stack.descriptors.hdr
                0x00000000000000ee        0xe e:/xc8/avr/bin/../lib/gcc/avr/5.4.0/avr5/memx-const\libgcc.a(_exit.o)
 .stack.descriptors.hdr
                0x00000000000000fc        0xe e:/xc8/avr/bin/../lib/gcc/avr/5.4.0/avr5/memx-const\libgcc.a(_movmemx.o)
 .stack.descriptors.hdr
                0x000000000000010a        0xe e:/xc8/avr/bin/../lib/gcc/avr/5.4.0/../../../../avr/lib/avr5/memx-const\libc.a(itoa_ncheck.o)
 .stack.descriptors.hdr
                0x0000000000000118        0xe e:/xc8/avr/bin/../lib/gcc/avr/5.4.0/../../../../avr/lib/avr5/memx-const\libc.a(utoa_ncheck.o)
 .stack.descriptors.hdr
                0x0000000000000126        0xe e:/xc8/avr/bin/../lib/gcc/avr/5.4.0/../../../../avr/lib/avr5/memx-const\libc.a(strrev.o)

.note.gnu.build-id
 *(.note.gnu.build-id)

.debug
 *(.debug)

.line
 *(.line)

.debug_srcinfo
 *(.debug_srcinfo)

.debug_sfnames
 *(.debug_sfnames)

.debug_aranges  0x0000000000000000       0xe0
 *(.debug_aranges)
 .debug_aranges
                0x0000000000000000       0x20 build/default/production/main.o
 .debug_aranges
                0x0000000000000020       0x30 build/default/production/mTimer.o
 .debug_aranges
                0x0000000000000050       0x38 build/default/production/IO.o
 .debug_aranges
                0x0000000000000088       0x58 build/default/production/mLCD.o

.debug_pubnames
 *(.debug_pubnames)

.debug_info     0x0000000000000000     0x1931
 *(.debug_info .gnu.linkonce.wi.*)
 .debug_info    0x0000000000000000      0x4e6 C:/Users/ahmed/.mchp_packs/Microchip/ATmega_DFP/2.4.131/xc8/avr/lib/avr5/memx-const/crtatmega32.o
 .debug_info    0x00000000000004e6      0x5b8 build/default/production/main.o
 .debug_info    0x0000000000000a9e      0x2b3 build/default/production/mTimer.o
 .debug_info    0x0000000000000d51      0x323 build/default/production/IO.o
 .debug_info    0x0000000000001074      0x8bd build/default/production/mLCD.o

.debug_abbrev   0x0000000000000000      0x892
 *(.debug_abbrev)
 .debug_abbrev  0x0000000000000000      0x4a3 C:/Users/ahmed/.mchp_packs/Microchip/ATmega_DFP/2.4.131/xc8/avr/lib/avr5/memx-const/crtatmega32.o
 .debug_abbrev  0x00000000000004a3       0xbe build/default/production/main.o
 .debug_abbrev  0x0000000000000561       0xa5 build/default/production/mTimer.o
 .debug_abbrev  0x0000000000000606       0x8d build/default/production/IO.o
 .debug_abbrev  0x0000000000000693      0x1ff build/default/production/mLCD.o

.debug_line     0x0000000000000000      0x785
 *(.debug_line .debug_line.* .debug_line_end)
 .debug_line    0x0000000000000000      0x119 C:/Users/ahmed/.mchp_packs/Microchip/ATmega_DFP/2.4.131/xc8/avr/lib/avr5/memx-const/crtatmega32.o
 .debug_line    0x0000000000000119      0x193 build/default/production/main.o
 .debug_line    0x00000000000002ac       0xc1 build/default/production/mTimer.o
 .debug_line    0x000000000000036d      0x1f8 build/default/production/IO.o
 .debug_line    0x0000000000000565      0x220 build/default/production/mLCD.o

.debug_frame    0x0000000000000000      0x198
 *(.debug_frame)
 .debug_frame   0x0000000000000000       0x34 build/default/production/main.o
 .debug_frame   0x0000000000000034       0x50 build/default/production/mTimer.o
 .debug_frame   0x0000000000000084       0x54 build/default/production/IO.o
 .debug_frame   0x00000000000000d8       0xc0 build/default/production/mLCD.o

.debug_str      0x0000000000000000      0x266
 *(.debug_str)
 .debug_str     0x0000000000000000      0x196 C:/Users/ahmed/.mchp_packs/Microchip/ATmega_DFP/2.4.131/xc8/avr/lib/avr5/memx-const/crtatmega32.o
 .debug_str     0x0000000000000196       0x75 build/default/production/main.o
 .debug_str     0x000000000000020b        0xa build/default/production/mTimer.o
 .debug_str     0x0000000000000215        0x8 build/default/production/IO.o
 .debug_str     0x000000000000021d       0x49 build/default/production/mLCD.o

.debug_loc      0x0000000000000000      0x758
 *(.debug_loc)
 .debug_loc     0x0000000000000000      0x142 build/default/production/main.o
 .debug_loc     0x0000000000000142       0x36 build/default/production/mTimer.o
 .debug_loc     0x0000000000000178      0x280 build/default/production/IO.o
 .debug_loc     0x00000000000003f8      0x360 build/default/production/mLCD.o

.debug_macinfo
 *(.debug_macinfo)

.debug_weaknames
 *(.debug_weaknames)

.debug_funcnames
 *(.debug_funcnames)

.debug_typenames
 *(.debug_typenames)

.debug_varnames
 *(.debug_varnames)

.debug_pubtypes
 *(.debug_pubtypes)

.debug_ranges   0x0000000000000000       0xa0
 *(.debug_ranges)
 .debug_ranges  0x0000000000000000       0x10 build/default/production/main.o
 .debug_ranges  0x0000000000000010       0x20 build/default/production/mTimer.o
 .debug_ranges  0x0000000000000030       0x28 build/default/production/IO.o
 .debug_ranges  0x0000000000000058       0x48 build/default/production/mLCD.o

.debug_macro
 *(.debug_macro)
OUTPUT(dist/default/production/LCD_.X.production.elf elf32-avr)
LOAD linker stubs
LOAD data_init

.note.gnu.avr.deviceinfo
                0x0000000000000000       0x3c
 .note.gnu.avr.deviceinfo
                0x0000000000000000       0x3c C:/Users/ahmed/.mchp_packs/Microchip/ATmega_DFP/2.4.131/xc8/avr/lib/avr5/memx-const/crtatmega32.o

.progmemx.data  0x000000000000006c        0xc
 .progmemx.data
                0x000000000000006c        0xc build/default/production/main.o

.text.main      0x0000000000000078      0x1ca
 .text.main     0x0000000000000078      0x1ca build/default/production/main.o
                0x0000000000000078                main

.text.setPinDir
                0x0000000000000242       0xf0
 .text.setPinDir
                0x0000000000000242       0xf0 build/default/production/IO.o
                0x0000000000000242                setPinDir

.text.setPinData
                0x0000000000000332       0xf0
 .text.setPinData
                0x0000000000000332       0xf0 build/default/production/IO.o
                0x0000000000000332                setPinData

.text.avrlibc.fplib
                0x0000000000000422       0xde
 .text.avrlibc.fplib
                0x0000000000000422       0xde e:/xc8/avr/bin/../lib/gcc/avr/5.4.0/../../../../avr/lib/avr5/memx-const\libm.a(divsf3x.o)
                0x0000000000000422                __divsf3x
                0x000000000000044a                __divsf3_pse

.text.avrlibc.fplib
                0x0000000000000500       0xd4
 .text.avrlibc.fplib
                0x0000000000000500       0xd4 e:/xc8/avr/bin/../lib/gcc/avr/5.4.0/../../../../avr/lib/avr5/memx-const\libm.a(mulsf3x.o)
                0x0000000000000500                __mulsf3x
                0x0000000000000526                __mulsf3_pse

.text.avrlibc.fplib
                0x00000000000005d4       0x7a
 .text.avrlibc.fplib
                0x00000000000005d4       0x7a e:/xc8/avr/bin/../lib/gcc/avr/5.4.0/../../../../avr/lib/avr5/memx-const\libm.a(floatsisf.o)
                0x00000000000005d4                __floatunsisf
                0x00000000000005d8                __floatsisf

.text.init_LCD_4bit
                0x000000000000064e       0x70
 .text.init_LCD_4bit
                0x000000000000064e       0x70 build/default/production/mLCD.o
                0x000000000000064e                init_LCD_4bit

.text.avrlibc.fplib
                0x00000000000006be       0x5e
 .text.avrlibc.fplib
                0x00000000000006be       0x5e e:/xc8/avr/bin/../lib/gcc/avr/5.4.0/../../../../avr/lib/avr5/memx-const\libm.a(fixunssfsi.o)
                0x00000000000006be                __fixunssfsi

.text.LCD_DATA_4bit
                0x000000000000071c       0x56
 .text.LCD_DATA_4bit
                0x000000000000071c       0x56 build/default/production/mLCD.o
                0x000000000000071c                LCD_DATA_4bit

.text.LCD_CMD_4bit
                0x0000000000000772       0x56
 .text.LCD_CMD_4bit
                0x0000000000000772       0x56 build/default/production/mLCD.o
                0x0000000000000772                LCD_CMD_4bit

.text.init_PWM  0x00000000000007c8       0x46
 .text.init_PWM
                0x00000000000007c8       0x46 build/default/production/mTimer.o
                0x00000000000007c8                init_PWM

.text.avrlibc.fplib
                0x000000000000080e       0x44
 .text.avrlibc.fplib
                0x000000000000080e       0x44 e:/xc8/avr/bin/../lib/gcc/avr/5.4.0/../../../../avr/lib/avr5/memx-const\libm.a(fp_split3.o)
                0x000000000000080e                __fp_split3
                0x000000000000081e                __fp_splitA

.text.libgcc.div
                0x0000000000000852       0x44
 .text.libgcc.div
                0x0000000000000852       0x44 e:/xc8/avr/bin/../lib/gcc/avr/5.4.0/avr5/memx-const\libgcc.a(_udivmodsi4.o)
                0x0000000000000852                __udivmodsi4

.text.LCD_Write_Num_4bit
                0x0000000000000896       0x3a
 .text.LCD_Write_Num_4bit
                0x0000000000000896       0x3a build/default/production/mLCD.o
                0x0000000000000896                LCD_Write_Num_4bit

.text.avrlibc   0x00000000000008d0       0x34
 .text.avrlibc  0x00000000000008d0       0x34 e:/xc8/avr/bin/../lib/gcc/avr/5.4.0/../../../../avr/lib/avr5/memx-const\libc.a(utoa_ncheck.o)
                0x00000000000008d0                __utoa_ncheck
                0x00000000000008d2                __utoa_common

.text.libgcc.div
                0x0000000000000904       0x2e
 .text.libgcc.div
                0x0000000000000904       0x2e e:/xc8/avr/bin/../lib/gcc/avr/5.4.0/avr5/memx-const\libgcc.a(_divmodsi4.o)
                0x0000000000000904                __divmodsi4

.text.LCD_EN_4bit
                0x0000000000000932       0x2a
 .text.LCD_EN_4bit
                0x0000000000000932       0x2a build/default/production/mLCD.o
                0x0000000000000932                LCD_EN_4bit

.text.avrlibc.fplib
                0x000000000000095c       0x22
 .text.avrlibc.fplib
                0x000000000000095c       0x22 e:/xc8/avr/bin/../lib/gcc/avr/5.4.0/../../../../avr/lib/avr5/memx-const\libm.a(fp_round.o)
                0x000000000000095c                __fp_round

.text.avrlibc   0x000000000000097e       0x20
 .text.avrlibc  0x000000000000097e       0x20 e:/xc8/avr/bin/../lib/gcc/avr/5.4.0/../../../../avr/lib/avr5/memx-const\libc.a(strrev.o)
                0x000000000000097e                strrev

.text.LCD_Write_Str_4bit
                0x000000000000099e       0x1e
 .text.LCD_Write_Str_4bit
                0x000000000000099e       0x1e build/default/production/mLCD.o
                0x000000000000099e                LCD_Write_Str_4bit

.text.goto_XY_4bit
                0x00000000000009bc       0x1c
 .text.goto_XY_4bit
                0x00000000000009bc       0x1c build/default/production/mLCD.o
                0x00000000000009bc                goto_XY_4bit

.text.libgcc    0x00000000000009d8       0x1a
 .text.libgcc   0x00000000000009d8       0x1a e:/xc8/avr/bin/../lib/gcc/avr/5.4.0/avr5/memx-const\libgcc.a(_movmemx.o)
                0x00000000000009d8                __movmemx_qi
                0x00000000000009da                __movmemx_hi

.text.avrlibc   0x00000000000009f2       0x16
 .text.avrlibc  0x00000000000009f2       0x16 e:/xc8/avr/bin/../lib/gcc/avr/5.4.0/../../../../avr/lib/avr5/memx-const\libc.a(itoa_ncheck.o)
                0x00000000000009f2                __itoa_ncheck

.text.libgcc.div
                0x0000000000000a08       0x10
 .text.libgcc.div
                0x0000000000000a08       0x10 e:/xc8/avr/bin/../lib/gcc/avr/5.4.0/avr5/memx-const\libgcc.a(_negsi2.o)
                0x0000000000000a08                __negsi2

.text.avrlibc.fplib
                0x0000000000000a18        0xe
 .text.avrlibc.fplib
                0x0000000000000a18        0xe e:/xc8/avr/bin/../lib/gcc/avr/5.4.0/../../../../avr/lib/avr5/memx-const\libm.a(fixsfsi.o)
                0x0000000000000a18                __fixsfsi

.text.avrlibc.fplib
                0x0000000000000a26        0xe
 .text.avrlibc.fplib
                0x0000000000000a26        0xe e:/xc8/avr/bin/../lib/gcc/avr/5.4.0/../../../../avr/lib/avr5/memx-const\libm.a(fp_pscA.o)
                0x0000000000000a26                __fp_pscA

.text.avrlibc.fplib
                0x0000000000000a34        0xe
 .text.avrlibc.fplib
                0x0000000000000a34        0xe e:/xc8/avr/bin/../lib/gcc/avr/5.4.0/../../../../avr/lib/avr5/memx-const\libm.a(fp_pscB.o)
                0x0000000000000a34                __fp_pscB

.text.avrlibc.fplib
                0x0000000000000a42        0xe
 .text.avrlibc.fplib
                0x0000000000000a42        0xe e:/xc8/avr/bin/../lib/gcc/avr/5.4.0/../../../../avr/lib/avr5/memx-const\libm.a(fp_zero.o)
                0x0000000000000a42                __fp_zero
                0x0000000000000a44                __fp_szero

.text.avrlibc.fplib
                0x0000000000000a50        0xc
 .text.avrlibc.fplib
                0x0000000000000a50        0xc e:/xc8/avr/bin/../lib/gcc/avr/5.4.0/../../../../avr/lib/avr5/memx-const\libm.a(fp_inf.o)
                0x0000000000000a50                __fp_inf

.text.Select_prescaler
                0x0000000000000a5c        0x8
 .text.Select_prescaler
                0x0000000000000a5c        0x8 build/default/production/mTimer.o
                0x0000000000000a5c                Select_prescaler

.text.LCD_CLEAR_4bit
                0x0000000000000a64        0x8
 .text.LCD_CLEAR_4bit
                0x0000000000000a64        0x8 build/default/production/mLCD.o
                0x0000000000000a64                LCD_CLEAR_4bit

.text.avrlibc.fplib
                0x0000000000000a6c        0x8
 .text.avrlibc.fplib
                0x0000000000000a6c        0x8 e:/xc8/avr/bin/../lib/gcc/avr/5.4.0/../../../../avr/lib/avr5/memx-const\libm.a(divsf3.o)
                0x0000000000000a6c                __divsf3

.text.avrlibc.fplib
                0x0000000000000a74        0x8
 .text.avrlibc.fplib
                0x0000000000000a74        0x8 e:/xc8/avr/bin/../lib/gcc/avr/5.4.0/../../../../avr/lib/avr5/memx-const\libm.a(mulsf3.o)
                0x0000000000000a74                __mulsf3

.text.avrlibc.fplib
                0x0000000000000a7c        0x6
 .text.avrlibc.fplib
                0x0000000000000a7c        0x6 e:/xc8/avr/bin/../lib/gcc/avr/5.4.0/../../../../avr/lib/avr5/memx-const\libm.a(fp_nan.o)
                0x0000000000000a7c                __fp_nan

.text           0x0000000000000a82        0x4
 .text          0x0000000000000a82        0x4 C:/Users/ahmed/.mchp_packs/Microchip/ATmega_DFP/2.4.131/xc8/avr/lib/avr5/memx-const/crtatmega32.o
                0x0000000000000a82                __vector_1
                0x0000000000000a82                __vector_12
                0x0000000000000a82                __bad_interrupt
                0x0000000000000a82                __vector_6
                0x0000000000000a82                __vector_3
                0x0000000000000a82                __vector_11
                0x0000000000000a82                __vector_13
                0x0000000000000a82                __vector_17
                0x0000000000000a82                __vector_19
                0x0000000000000a82                __vector_7
                0x0000000000000a82                __vector_5
                0x0000000000000a82                __vector_4
                0x0000000000000a82                __vector_9
                0x0000000000000a82                __vector_2
                0x0000000000000a82                __vector_15
                0x0000000000000a82                __vector_8
                0x0000000000000a82                __vector_14
                0x0000000000000a82                __vector_10
                0x0000000000000a82                __vector_16
                0x0000000000000a82                __vector_18
                0x0000000000000a82                __vector_20

.text.Duty_Cycle
                0x0000000000000a86        0x4
 .text.Duty_Cycle
                0x0000000000000a86        0x4 build/default/production/mTimer.o
                0x0000000000000a86                Duty_Cycle
